# Инструкция по работе с Git

После установки Git на ваш компьютер необходимо приложение настроить:

 Есть довольно много опций, с которыми можно играть, но мы настроим самые важные: наше имя пользователя и адрес электронной почты. Откройте терминал и запустите команды:

git config --global user.name "My Name"

git config --global user.email myEmail@example.com

Теперь каждое наше действие будет отмечено именем и почтой. Таким образом, пользователи всегда будут в курсе, кто отвечает за какие изменения — это вносит порядок.

Git хранит весь пакет конфигураций в файле.gitconfig, находящемся в вашем локальном каталоге. Чтобы сделать эти настройки глобальными, то есть применимыми ко всем проектам, необходимо добавить флаг –global. Если вы этого не сделаете, они будут распространяться только на текущий репозиторий.

Для того, чтобы посмотреть все настройки системы, используйте команду:

git config --list

Для удобства и легкости зрительного восприятия, некоторые группы команд в Гит можно выделить цветом, для этого нужно прописать в консоли:

git config --global color.ui true
git config --global color.status auto
git config --global color.branch auto

Если вы не до конца настроили систему для работы, в начале своего пути - не беда. Git всегда подскажет разработчику, если тот запутался, например:

Команда git --help - выводит общую документацию по git
Если введем git log --help - он предоставит нам документацию по какой-то определенной команде (в данном случае это - log)

Если вы вдруг сделали опечатку - система подскажет вам нужную команду
После выполнения любой команды - отчитается о том, что вы натворили
Также Гит прогнозирует дальнейшие варианты развития событий и всегда направит разработчика, не знающего, куда двигаться дальше
Тут стоит отметить, что подсказывать система будет на английском, но не волнуйтесь, со временем вы изучите несложный алгоритм ее работы и будете разговаривать с ней на одном языке.

*Создание нового репозитория*

Как мы отметили ранее, git хранит свои файлы и историю прямо в папке проекта. Чтобы создать новый репозиторий, нам нужно открыть терминал, зайти в папку нашего проекта и выполнить команду init. Это включит приложение в этой конкретной папке и создаст скрытую директорию .git, где будет храниться история репозитория и настройки.

Создайте на рабочем столе папку под названием git_exercise. Для этого в окне терминала введите:

$ mkdir Desktop/git_exercise/
$ cd Desktop/git_exercise/
$ git init
Командная строка должна вернуть что-то вроде:

Initialized empty Git repository in /home/user/Desktop/git_exercise/.git/
Это значит, что наш репозиторий был успешно создан, но пока что пуст. Теперь создайте текстовый файл под названием hello.txt и сохраните его в директории git_exercise.

*Определение состояния*

status — это еще одна важнейшая команда, которая показывает информацию о текущем состоянии репозитория: актуальна ли информация на нём, нет ли чего-то нового, что поменялось, и так далее. Запуск git status на нашем свежесозданном репозитории должен выдать:

$ git status
On branch master
Initial commit
Untracked files:
(use "git add ..." to include in what will be committed)
hello.txt

Сообщение говорит о том, что файл hello.txt неотслеживаемый. Это значит, что файл новый и система еще не знает, нужно ли следить за изменениями в файле или его можно просто игнорировать. Для того, чтобы начать отслеживать новый файл, нужно его специальным образом объявить.

*Подготовка файлов*

В git есть концепция области подготовленных файлов. Можно представить ее как холст, на который наносят изменения, которые нужны в коммите. Сперва он пустой, но затем мы добавляем на него файлы (или части файлов, или даже одиночные строчки) командой add и, наконец, коммитим все нужное в репозиторий (создаем слепок нужного нам состояния) командой commit.
В нашем случае у нас только один файл, так что добавим его:

$ git add hello.txt
Если нам нужно добавить все, что находится в директории, мы можем использовать

$ git add -A
Проверим статус снова, на этот раз мы должны получить другой ответ:

$ git status
On branch master
Initial commit
Changes to be committed:
(use "git rm --cached ..." to unstage)
new file: hello.txt

Файл готов к коммиту. Сообщение о состоянии также говорит нам о том, какие изменения относительно файла были проведены в области подготовки — в данном случае это новый файл, но файлы могут быть модифицированы или удалены.

*Фиксация изменений*

Как сделать коммит
Представим, что нам нужно добавить пару новых блоков в html-разметку (index.html) и стилизовать их в файле style.css. Для сохранения изменений, их необходимо закоммитить. Но сначала, мы должны обозначить эти файлы для Гита, при помощи команды git add, добавляющей (или подготавливающей) их к коммиту. Добавлять их можно по отдельности:

git add index.html
git add css/style.css
или вместе - всё сразу:

git add .
Конечно добавлять всё сразу удобнее, чем прописывать каждую позицию отдельно. Однако, тут надо быть внимательным, чтобы не добавить по ошибке ненужные элементы. Если же такое произошло изъять оттуда ошибочный файл можно при помощи команды

git reset:
git reset css/style.css
Теперь создадим непосредственно сам коммит

git commit -m 'Add some code'
Флажок -m задаст commit message - комментарий разработчика. Он необходим для описания закоммиченных изменений. И здесь работает золотое правило всех комментариев в коде: «Максимально ясно, просто и содержательно обозначь написанное!»

*Как посмотреть коммиты*

Для просмотра все выполненных фиксаций можно воспользоваться историей коммитов. Она содержит сведения о каждом проведенном коммите проекта. Запросить ее можно при помощи команды:

git log
В ней содержится вся информация о каждом отдельном коммите, с указанием его хэша, автора, списка изменений и даты, когда они были сделаны. Отследить интересующие вас операции в списке изменений, можно по хэшу коммита, при помощи команды git show :

git show hash_commit
Ну а если вдруг нам нужно переделать commit message и внести туда новый комментарий, можно написать следующую конструкцию:

git commit --amend -m 'Новый комментарий'
В данном случае сообщение последнего коммита перезапишется. Но злоупотреблять этим не стоит, поскольку эта операция опасная и лучше ее делать до отправки коммита на сервер.

# Инструкция по работе с удаленными репозиториями

## Как настроить совместную работу

1. Прежде всего нужно зарегестрироваться на GitHub (Существут и другие платформы для работы с Gut, но в моей инструкции будет фигурировать GitHub.)

2. На своем ПК создаем локальный репозиторий.

3. Если необходимо и раньше ты этого не делал, нужно "Подружить" локальный и удаленный репозитории.

4. Отправить (push) ваш локальный репозиторий в удалённый (на GitHub).

5. Провести изменения “с другого компьютера.

Выкачать (pull) актуальное состояние из удалённого репозитория.

## Как сделать Pull reqest

1. Делаем *fork* (ответвление) репозитория. 

2. Делаем *git clone*  СВОЕЙ версии репозитория. 

3. Создаем новую ветку и в НЕЕ вносим свои изменения.

4. Фиксируем изменения (делаем коммиты).

5. Отправляем свою версию в свой GitHub.

6. На сайте GitHub нажимаем кнопку pull request.
